// Jest Snapshot v1, https://goo.gl/fbAQLP

exports[`matches snapshot 1`] = `
<div>
  <div
    class="Snowman"
  >
    <img
      alt="0"
      src="0.png"
    />
    <p>
      Number wrong: 
      0
    </p>
    <p
      class="Snowman-word"
    >
      You lose
    </p>
    <p
      id="Snowman-guessbtns"
    />
  </div>
</div>
`;
